../Core/Src/ili9341.c:14:6:LCD_Init	8	static
../Core/Src/ili9341.c:124:6:LCD_CMD	16	static
../Core/Src/ili9341.c:175:6:LCD_DATA	16	static
../Core/Src/ili9341.c:224:6:SetWindows	24	static
../Core/Src/ili9341.c:241:6:LCD_Clear	24	static
../Core/Src/ili9341.c:267:6:H_line	32	static
../Core/Src/ili9341.c:284:6:V_line	32	static
../Core/Src/ili9341.c:301:6:Rect	24	static
../Core/Src/ili9341.c:320:6:FillRect	48	static
../Core/Src/ili9341.c:345:6:LCD_Print	104	dynamic
../Core/Src/ili9341.c:409:6:LCD_Bitmap	48	static
../Core/Src/ili9341.c:434:6:LCD_Sprite	56	static
